0
0
14
6465666768696a6b6c6d6e6f707172737475767778797a7b7c7d7e7f808182838485868788898a8b8c8d8e8f909192939495969798999a9b9c9d9e9fa0a1a2a3a4a5a6a7a8a9aaabacadaeafb0b1b2b3b4b5b6b7b8b9babbbcbdbebfc0c1c2c3c4c5c6c7
6465666768696a6b6c6d6e6f707172737475767778797a7b7c7d7e7f808182838485868788898a8b8c8d8e8f909192939495969798999a9b9c9d9e9fa0a1a2a4a5a6a7a8a9aaabacadaeafb0b1b2b3b4b5b6b7b8b9babbbcbdbebfc0c1c2c3c4c5c6c7c8
6465666768696a6b6c6d6e6f707172737475767778797a7b7c7d7e7f808182838485868788898b8c8e8f909192939495969798999a9b9c9d9e9fa1a2a3a5a6a7a8a9aaabacadaeafb0b1b2b3b4b5b6b7b8b9babbbcbdbebfc0c2c3c4c5c6c7c8c9cacbcc
64646464646464646464656565656565666666666666676767676767676767676767676868686868686868686969696969696969696969696969696a6a6a6a6a6a6a6a6b6b6b6b6b6b6b6b6c6c6c6c6c6c6c6d6d6d6d6d6d6d6d6d6d6d6d6e6e6e6e6e6e6e6e6e6f6f6f6f6f6f6f6f6f6f6f7070707070707071717171717171727272727272727272737373737373737373737374747474747474747474747474757575757575757575757575757676767676767676767777777777777777777777777878787878787878797979797979797979797a7a7a7a7a7a7a7b7b7b7b7b7b7b7b7b7b7b7b7b7b7b7b7c7c7c7c7c7c7c7c7c7c7c7d7d7d7d7d7d7d7d7d7e7e7e7e7e7e7e7e7e7e7f7f7f7f7f7f7f808080808081818181818181818181818181818181818282828282838383838383838383838384848484848484848484848585858585858586868686868686878787878787878787878787878788888888888889898989898989898989898a8a8a8a8a8b8b8b8b8b8b8b8b8b8b8b8b8c8c8c8c8c8c8c8c8c8c8c8d8d8d8d8e8e8e8e8e8e8e8e8e8e8e8f8f8f8f8f8f8f9090909090909090909090919191919191919191919292929293939393939393949494949494949495959595959595959596969696969696969696969697979797979797979797989898989898989899999999999999999a9a9a9a9a9a9a9a9a9b9b9b9b9b9b9b9b9b9b9b9b9b9b9b9b9c9c9c9c9c9c9c9d9d9d9d9d9d9d9d9e9e9e9e9e9e9e9e9e9f9f9f9f9f9f9f9fa0a0a0a0a1a1a1a1a1a1a1a1a1a2a2a2a2a2a2a2a2a2a3a3a3a3a3a3a3a3a3a3a3a4a4a4a5a5a5a5a5a5a5a5a5a5a5a6a6a6a6a6a6a6a6a6a6a6a6a6a7a7a7a7a7a7a7a7a7a7a7a8a8a8a8a8a8a8a8a8a8a8a8a9a9a9a9a9a9a9aaaaaaaaaaaaaaaaaaaaaaabababababacacacacacacacacacacacacadadadadadadadadadadadadadadaeaeaeaeafafafafafafafafafafafb0b0b0b0b0b0b0b0b0b0b0b1b1b1b1b1b1b1b1b1b1b1b1b1b1b1b2b2b2b2b2b2b2b3b3b3b3b3b3b3b3b3b3b3b3b3b4b4b4b4b4b4b4b4b4b4b5b5b5b5b5b5b5b6b6b6b6b6b6b6b6b6b6b6b6b6b6b6b6b7b7b7b7b7b7b7b7b7b7b8b8b8b8b8b8b8b8b9b9b9b9b9b9b9b9b9b9babababababababababababbbbbbbbbbbbbcbcbcbcbcbcbcbcbcbcbdbdbdbdbdbdbdbdbdbebebebebebebebfbfbfbfbfbfbfc0c0c0c0c0c0c0c0c0c0c1c1c1c1c1c2c2c2c2c3c3c3c3c3c3c3c3c3c3c3c3c3c3c3c4c4c4c4c4c5c5c5c5c5c5c5c5c5c5c6c6c6c6c6c6c6c6c6c6c6c6c6c6c6c6c6c6c6c6c6c6c7c7c7c7c7c7c7c7c8c8c8c8c8c8c8c8c8c8c8c9c9c9c9c9c9c9c9cacacacacacacacacbcbcbcbcbcbcbcbcbcbcbcbcbcbcbcbcbcbcccccccccccccccccccccc
80eb71c32742f121154646e574024100a6cf10fcc9c11b183515e690b16f9bd418560731a5f62f1ad245b1eb9d422156b4021c4b7a23529432b869752d11ade2eba1ed2ebaf352f39c40347395a359194e36db52c3830b343b1e8d23cdeca73ce86ea3e04d6741a5d0241a73e44391aa5448a502459eef24740d794eb5bc64ee6f954fa544d4fe000a5089400515b54f52c9e1d538a56c546788457d0ccb589bda45c2280f607e21761c753762125f2636b4cf638afb66661f60666304168942d56a0b4406a9275a6c3f4946ca4f9b6e2b5cd713bb8d72b423973f6a9174dbd447988c3684c891086023b6877ecaf8a196398c67e2c8fca46f95f63e59e84a669f96a369fca948a1cecaca24fe3ca867d2ea87a8c3a9aa185aa70611aad8423b0e737eb1506e1b1d2bf8b42ff1ab5831b0b9d0dc0bbfcb07bc8a502bdb1282bdf203abe246a6be4d961c168939c1c943ac2e96e8c4f7130c5cd237ceddc48d0c114ed4a872bdc8a8cbdcd9c52de5b09de1918afe205132e3ed087e3f0a09e5133f3e6fdacae8c30e9ea2f040ece16d3f67dbe9f968174fef3434105bc0e21063b9e310646dff10a0930610a1a43010b6fc6b10b7bfcf10fdb86b111abd20118b0995118fb21011a2867c11a573e411bdb09711ee23b911fa88ab12046d7b12478343125bcff91284adb6129ca2aa12c05ff712dbf1bb131cfa871325f62a132a42c6132b54ec1347f19013708c931394cc3813a654c213ab2f5613ad55df13d0cb7b13f3e50a1401d46814124dca1420ca4b143fb59d14677d3f1491119e14a3cfd914ae97f114d1db6114d498a414e2022e14f932bd14fe5f971564ef1815801baf1581a1c515b43f1915b47b2f15ba96c415ea4efc160991fc16290c9b162a71b616c920e016e1b34216ec52641727233d1749ef79175384d917588c7f1761392b17d4b54318056f361856d8f9187d73a21889773e18ad635518b7c23418c17b1f18c3633f191b85ed192f1cf81964f41e19739b58197c408319979cf219b85c7819bd337c19f57d541a27edef1a30832e1a325ad41a384fb21a664dca1a6c98791a8ec8381aa6ad791ab507921ab6a79b1ac96b1e1aee2eae1b0bf3c11b19d2ed1b28e8341b8bf7111c10d40c1c11abb81c12a09c1c362d2a1c902bcb1cac5f831cadea1f1cb69baa1cd7ec631cd7fb891d1c95ae1d2ebec71d38cb1f1d46a92c1d4864311d4df6041d6561271d97f7aa1d9f8e191da8e9391dc328781dcc4dcd1def9f821df3b7b41e097e581e10f1ad1e191cb51e32fa941e3fae121e430bd01e4658a71e4e06b61e591e671e6059371e64c50e1e789ecd1eba23681ec2111b1ecb4c671ece66ad1ee770c61f3c8a031f423aaa1f44d1e61f9637241fa8315f1fb3a9d81fb747021fdcc5e71fec8f1a1ff5c7e7201d15bb201e2389202213b52066bf4f207f221d20b50d4220d69dbf20dd454c20eb10af20ed5eb72140df6521dd084d21ff401222015624221080ef2227899a2232c63a2244e75122938176229de19b22b1484122b5e1de22b674db22cf9f1d22d9f32222dfdc6c231ce506233037ab235297df2377164323777530238ace6f23a7416923ae012323cf712a23d7615e23e2405f24118a362428aedc242aa1542497f14324bddf3724feb28025033b6325162a35253dfc7325475447257795df2586b00c2596a2112598e0f025bf386225d323ff25d8b6fa260142af2631eb2a26339c5b265b3332267ffd8c268d6f2526dd6bdc2716d22a274372eb278575c9278ad7e327935afd27c73b8627ce899127d17db1286f835f2875a534287bd79f28b9df7928c242ba28c9405128fd9409290610f2292fccd029489ee729718d2a29b47b7929e5e9172a12b7f92a3a6b552a8051012a8172652a8e21802aabb8062abbeea62ad4f1a42af99e5f2aff4c7e2b2a8f842b5b133e2b6836102b94b81c2b957edd2b98df202bb35d1a2bf52ee22c0bb3862c4e4e052c4f71152c693b5e2cac761c2ce6d77b2d4a47182d91c0f12ddc9cb22de427de2e0be7682e1c97fc2e5c54662e74bde62e7a0b012ebfa2362ecdb3802ed88ec12ee75b332f4a40572f8252812f93123f2fe5a6a32fff6b77300671053010a75f30404f2e3044ed96306b94c430817c18308cde5d30988d58309b6cee30a7733b30d34de730f4204a3145d92631523c7a317ae91c318878cf31cd1b5931e2b1f431e8971a31f93e9f32035fb632099c84323b466232a3a6ed32ab15a532b3fd1832de63c632e0367f32eed15832fa3b953307cd8433532149335351fe3365329333877984338df2de33a96c0933f40eae3421155834321305344f271034679e25346dadd43477b7e63497c12234fa7a5735088344353c44f63562f534356cbfc035a9772035b85f6a35dd14c536231988363fd23d36489e8c36623f7d368e753236904c8d36adba6336b349b8371689ca375466e5375eb9ac376a33e137a4126837a713e537aac77e37bdf93837c4dc91382a3133384abf683884a8453894748638aece0e38bc8d8638ddbc1739238526392b72913953750d395aecae398d6a4c39970b39399bd248399c0fe63a152dce3a387a7b3a673ba33a925cd73a9c26823a9db4b43ac11a163adab3ac3adea87c3b6045bf3b66e2ee3b901f473ba5e61c3baaf1003bc633533bd1d2683bfd84b23c2f75423c3a308a3c5769fa3c6630c53c8e43313cb4106d3cc3f9463d01c3833d05292f3d0eb9403d561be13d5a9c323d6350b03d9269cc3d9b0cba3dafd25d3de0ff963de5822c3e1722243e3830de3e5050563e7665ce3eaecc243ec91e7d3ed0b0903f0a781e3f279f123f3997df3f7671d03f91afeb3f9c9e393fa1881f3fac29743fd96a1d3ffc25ab401f6ab4402c2e8a406aa724406b08944087e9fc408e002a40a746d540e3c42040f72dbb40fbbb4f4107b364410b891841108fde412327c54142c4b24144435341506f05415da2b441b0763641bcf4dc41cdff5141ffe40c4200c16d420fca4e425927ac428357df428d4cf84292c67042aa416442e27bc643379c4b433e31e34363a3084364ffb0439668df442c5cf8444b551344802c65448d5d3a44941d7044a2715f44a99cfb44bf839b44c640da44fc503f450059a64528bcbc452a6333452ab3de4566b41a456add44456fc2d7456fdf9d45921060461e9445467a482e468b33db46b4cd1946dfac8247164e9347387ecc4769a1ba478cef824796f92447a92a3247bdbdc147d2a9654809928f480ab84248143ba848377f094860e4e848ab9a7848e480e048fa8f7d491052c34939fa6b494efd1c4960a79d4980184a49ab402b49d213954a07ac1f4a1314f24a1458ad4a2335db4a2843a54a30e0b04a92ebe44acbed2b4adbffca4b448d194b92deae4ba8c6c54bb536494bceef314c2238a54c583e624c58b7c94c7156084c7c0a4b4c8fadd24c92b6c24c98d3ae4cba2da94cdddb3d4ce212454cec22514d1e10d94d1eb5064d370a224d4449d34d5883624d7328174da2e1954da6fd7c4de8479b4e093f014e0cc5114e1f9b714e425fa34e58b2714e66babb4e8192cb4e8feac44e945d1a4ea260684eab015f4eb2a3f84ec8748b4eccaf5e4efc75e04f1b81214f287bb64f4a5a254f4fce2e4f8331d44fab46604fca2b594fd9e775500f0dfb503e576a505412195071dd1d508a961950a1777550af6a1250dbaec150f112275172e4c95178203451a0a3cf51e8e87451e906ae51ebe7a051f78ae752212e88522a0bfa5243aada525eaef8527c8ec05297d08f52bb86ed52c3a2a052c45d5452cc568352e3a68552e927c95324268d5337b95a5345ff65534704b45351cb645389354f53b0008953c5a02c54043a045433d24e5436648a54567a0954a6ec9c54dbe21d54dff6f854e144ee550049275505a8e5550952a6550d2d495522149d5537b260558341d0558cfd42559dd03055ab05f355cffa6155e310385605ac9e568d03a7569098ab56b566f056c6ae2156cae7d456d494db5709d698572b36a7572f6378573a835c576529b557a9636a57b39d2157c0dafb57d69e7e582c37f05839a489585257605875fe4d588fb67f58ad718f58cc666458cefd5858db86f2592c62b2597e7bca599eb44159ac0d3459afedd859c8d77059df1bd559e869d05a19df245a421b695a46ca405a7f410b5a849cf45a8f0a5d5a92a4f45aa752425ab6c1285adf1e435aec6dd15b01656f5b2eb8d75b5ad9675bafafbd5c1440f45c2f23605c31134d5c412ec85c4300905c7a6b225c82cc4f5cbcaa1f5d01b10f5d0f3eea5d34df3d5d39c83a5d5d452a5d88a0185da7f49a5dd27a185de125525e0b00a05e17e3cf5e241f5d5e39d22e5e5dc7295e66f7bd5e842b9f5e89e94f5ec4be505eda7d995f197b655f37c62b5f3ac7a05f3b483f5f51b3725f6dedc25f911a605fb913205fc090415fd756065feb65a8603299d46048f2646055ebba6084551a608f7d9260c08c8d60f922ed61083b866124673c6124f5ff617f7bfa619eabef61ccdfa661de2bec61ee1fab61f248476220948c624a61496267eed7629cef9062a7569862e32d306306d54c6349eb4b63662961636ca7d363711a22637595b06380a6d7638cad9d63c45a4c63ccd09a63f0608663f733ec63fd1e1c640a830c6460873d6483d68e6491a16864f4cb7464f4e3b565170209651984986539327c65c6e88f65cd623265e6be4e6622bf3d663974da6680831c66892e6a66d06de566d0ab1966e70a446719099f67287eac672cb153672f009c6744c9b2674ba501679e967d6867f56f68722afd68dafd2f68eeefe3690c37106941c6fa694aa66e699d5dc8699d914e69a45d9c69aae68d69b6b6b769c7b01c6a052c226a0872b66a1b8db06a672c256a697b3f6a71e3756aa4499e6ac4ea806ad80f246b4918be6b68e2fa6b6c26906b7ce5766ba4c58b6bee12b56c3de9d36c42612f6c730d6e6c84cf1c6c8f1b576ca9a8196cc29a496cc65ba86ce7182a6cf35dd16cfba24a6cfc94346d0c91246d1567e06d632fd76d7964f86d8069ff6d9affc76e2902186e5498656e8fbb556f1729b36f1d9f956f3c90796f3ef54a6f747b996f7595896fb687016ff0c5ae6ff10c7f70000306700b10417076b75c708ef6e57093b49370a34ab270efe1a170f582487104a29a710f184e712c36b5712ec97f71434afe716f6e22717a67de7181283871887f1e719cd19471c404c071c4d1a671c720d87206117b720f29b6721910ef721b427872278c427237403c7241e1e972962aa272967b0872c1acfb72ddfb3472fd9c65730f8b607365ed467410a16a7419eec17428f62e748ce64e74b3e55374bd3c4874c3453f74e5cd5b74feb7827510cfb17511ca4c753c88e97544148f756cdaa575ede3567603d8da760ceea3760d01047622460d762590c776315a397638dbe7763f11117649d0db765af8af766d5a6f768a113576a236be76a5d7c376c86f2c76ca17fa76df781c76fa243876ffb815
27151d213b3d424c616265656d6f737d82898b8c979ea4a4a8acb9c0c4c9cbd3e3e9f1f3f3ff10110210510910e11011211a11b11b11e11f13513614214714914b15215e16516616e17517b17c18118b19a19d19e1ac1ad1b11c31c41cb1e01e11e41e71ea1f81f91fa1fb1fd1fd20621a21c22022022422623223723c23f24a24f24f25025025525d26226926a27427527a27d28828a29129629929c2a12a62ad2ba2bf2ce2d02d02dd2de2de2e22e22eb2ed2f030330c31331a32332432c32d32e33033133433433f34c35035135135335936b36c37537837838538638c3973a83b23b43b43b63bd3c23c93c93ca3cd3ce3d33d83df3e13e93e93ea3f43fd3ff40340b41241341841a41d42342543243543843944344644e45945f46447347f48548648a48c48d49c49c49f4a44a54b34bc4c04c44c54c54cf4db4de4e94eb4f44f84fa4fe50350b51351f52152252552a52b52c53053b53c54454d54f55155155455c55e55e56056d57157a57d59159559759f5a75aa5b25bc5bf5c45c65ca5cb5ce5d25da5dc5e05e35e75ee5f45f85fc60560560661561761e62162662762a62d63963f64064667467b67e68068368869169769969a69a6a06a16a46a96aa6c26ca6d36d46d46de6e16e96ee6f26f46f56f66f96fc70170370e71271272572972b72f73373673773873b74374374474774975476276376476977077277377677c77e78a79779a79c79f79f7a07a67aa7ac7b07b07b17b57b57be7c07c27c57ca7d07d47d67db7e37e47e67e97ee7ef7f27f67f97fb81881a81c82282983783e84384d84f85385785985986186286c86f87388e89189489689c89d8a18a68ac8bb8bd8c28ce8dc8dd8dd8e08e48e58e78eb8ec8f08f28f28f48fe90891291591691891992192792a93293493593893a93c93d94794a94c94d95495d96496796796797397897c98098498f99599a99c99e9af9b29b59b89b99cd9d59db9dc9e99eb9ef9f5a04a0ba0da11a1da24a2ca35a3fa40a48a48a49a49a4ba4da4ea4fa50a54a57a57a5aa5ba61a63a67a67a68a6da7fa81a99a9faa2aa3aa5aa6aa9aaeab3ab8ab9abeac8ac9acbae2ae9aeeaefaefaf0af3afdb00b06b0cb12b14b16b17b19b26b32b3bb3eb48b48b49b4cb4eb53b53b54b55b57b58b5eb61b63b67b72b73b83b84b86b8bb95ba3baabacbadbb3bb7bc3bccbccbd7bdbbdebe1be2be3be9becbf0c01c08c10c14c17c18c18c19c28c30c31c34c35c35c37c37c3fc42c42c45c46c47c47c48c49c4dc4ec57c5bc61c6bc70c72c74c78c7bc81c81c82c8dc97c98ca0ca8caecbacbdcc5cc9ccacccccfcd0cd2cd2cdacdbcefcf1cf7d02d06d09d09d0bd15d18d20d21d24d28d2ad2cd35d37d37d37d4fd52d54d55d59d60d60d66d67d68d6cd6dd71d72d75d82d89d8bd8bd90d94d9cd9dda6dabdabdb2dbadc3dcedd4dd7ddaddddeadf4df7df8df9dfadfde07e09e09e0be14e14e15e18e1be20e28e2be30e32e3ae40e45e48e4ce51e51e5ae68e6ae85e87e88e8be90e95ea4eabeb0eb2eb3eb4eb7ebbecfee8eeeef3ef7ef7efcefcf01f06f07f0af0bf15f16f1bf1ff20f23f24f29f35f39f3ef41f62f66f66f69f69f6df6ff71f71f72f73f79f79f7af8bf8ef8ff9ffa4fa5fa7fa9faafaafaffb6fc9fcefd0fd0fd5fd8feafef100e1011101110141016101710181025102e102f10321035103a10411041104110501054105b10731074107410791079107a107a108c10911093109c10a510a910ac10ae10b610bc10be10c210cb10cc10d310d810d910dc10df10e510e810e910ef10f210fd10fd1105110b110b110e110f1110111711191119111e1120112a112b112b11321135113c113c113d114211481149114b114e1154115811601163116d116d117111831184118d119511961199119a11a311a811a911aa11b211ba11be11bf11c511c811da11de11e211e411e911f211f411f711f811f911fe12051213121312141224122e123f124312471247124b124b125c125d125d126012641266126a12711275129112951298129912a112a512a612a712ac12af12b412ba12c012c812ca12d012d512db12de12e012e012e312ef12f012fd12fd130213021305130b130f1310131513191319131c13201327132a132e1334133b133e13441345134b1355135a135d135d136413641367136c136c13781379137e137f
