EXCEPTION
EXCEPTION
1101000000E80301000000000000
1101000000E80301000000000000
1101000000E80301000000000000
1102000000E80301000000000000
1100943577E80301000000000000
EXCEPTION
11FFFFFF7FE80301000000000000
EXCEPTION
EXCEPTION
EXCEPTION
EXCEPTION
EXCEPTION
1101000000E80301000100000000
1101000000E80301000100000000
1101000000E8030100FFFF0F0000
EXCEPTION
EXCEPTION
EXCEPTION
1101000000E80301000000000000
EXCEPTION
1101000000E80301000000000001
1101000000E80301000100000001
1101000000E80301000100000001
1101000000E80301000100000001
EXCEPTION
1101000000E80301000000000000
1201000000E80301000000000000
1301000000E80301000000000000
1A01000000E80301000000000000
1201000000E80301000000000000
1201000000E80301000000000000
1201000000E80301000000000000
1201000000E80301000000000000
1201000000E80301000000000000
1101000000E80301000000000001
EXCEPTION
1101000000FFFF01000000000000
EXCEPTION
EXCEPTION
1101000000F20301000000000000
EXCEPTION
1101000000E80301000000000000
1101000000E803FF030000000000
EXCEPTION
EXCEPTION
EXCEPTION
1101000000FF03FF030000000002
EXCEPTION
1101000000E80301000000000000
1101000000E80301000000000000
HELP
HELP
HELP
1301000000000401000000000003
HELP
EXCEPTION
EXCEPTION
EXCEPTION
