F57915845B34DBEB980C48300F41DD4C
04B635FE5B80FD649AD039F51C3D6924
F0E82294975455ECE42EC131D332A25A
ED3A6A8C9D4D289FBCA78CAD7AF36D9D
0745896AC0A348B55A0A7A3C4DB8833C
9C8FE0F741994A5962CE45621B7F54F3
37B1548B1766515187E4D1C318537099
64C2EFB7204A3DF93CE0ABED5E5A6266
F57915845B34DBEB980C48300F41DD4C
04B635FE5B80FD649AD039F51C3D6924
F0E82294975455ECE42EC131D332A25A
ED3A6A8C9D4D289FBCA78CAD7AF36D9D
0745896AC0A348B55A0A7A3C4DB8833C
9C8FE0F741994A5962CE45621B7F54F3
37B1548B1766515187E4D1C318537099
64C2EFB7204A3DF93CE0ABED5E5A6266
49428199C49435078C3495F05A3D91F0
4E211389C900D8CE8CBC9B4F5EF985A5
3474639FA326250CF8D65CF1E243F0F3
E1A8AD5B93E87808D74414D727449075
9423F61F23C0F67A73D1F72DEC9FC406
2291620E4BF360C8FF1B325398CEF323
4990DE9F43CAC2593235EBA274F540C6
74BC1149BBE40FEEB820BE64CA7F0BE0
61944696D4D986C176FBA2E45FE89067
6175E225DC29884881134F8068E84B49
21BE209BB57516C9C6FC29EF77942C70
D0BEEEDB7BC435CC03AC1128A17E59E4
445390030C9D93441F838A8432BFD929
117C05E041114ACEF9A32ACCFFBA67B0
7BE1E7785D00D1A2B1EEC01BD5DEACBC
0A5B892665A8EC81AD764A44026BBEBE
7CC27B32AE083A328A59BCA948FA2DCA
810CC053B694DFE191A115C04BB61ADD
676A133AF84C5B3A16FF6BB1905344CD
8C317E04B2A90B7B589C74DA79848DE6
002369252206703FC23965CE45FF6419
9B4ADC1FA17C376897919C526DF73201
BE653C1333ECE17B6FAADF62FDB43824
C1C131FCDF56F1C1350EB493EBE0AF2E
40B811B678F308155166C57146C9131D
4A68D4DC7AF3FDC95E12445A56B1A08B
62E81BC328B62F17515B7A7FF247FC2C
9996D6AAA9116428DDDCE3F4CE58859F
507F13B175BCB758E807FC7DDB226493
51CBD8B773F0D1C394FD66A8525E6D6D
FE8DE6C784AA8A7F63EF58CE4FBB5A09
642FFD256297F4BB8B7BD09C700387DF
d41d8cd98f00b204e9800998ecf8427e
93b885adfe0da089cdf634904fd59f71
f1d3ff8443297732862df21dc4e57262
da2c84d9eba9a4adf8c803cf1e26d9a3
bc6e6f16b8a077ef5fbc8d59d0b931b9
1cf093d4bca72c2adcb1efd5b82cf31e
dedee9423d78d6d35ded632bafc43bcb
8c33dcaef9de1fd97827941e3bdb5cc4
