1101000000010001000200000001:5D5117B9896AECE6071A586C2FBBDD98
12010000000100E8030000000000:0b765953e3bfe4d674dde1a085ed1aab	MEMORY
12010000000100E8030004000001:b5e0747b7203e05d74b1e0a8d744ea71	MEMORY
1201000000020001000A00000001:441018525208457705bf09a8ee3c1093
1101000000E80302000000000000:FFEACF7995E9F3D516DCC1195B4A5C3A
1201000000000401000100000001:c2f3c598a8d0f56da67b976a32087fe5
1201000000000402000004000000:e787db9fc113aab6ce4c8ea3bfc58bac	MEMORY
1101000000000404000A00000000:9AF80119080BC79031FCB3E319736C59	MEMORY
12010000000004E703FFFF000001:086794772fc76ea20aef41d1341e4071	MEMORY
12010000000004E8030100000000:db6b282cbb58b6788b1ea257d012c225	MEMORY
1101000000FFFFE8030000000000:CF2CFDE35FA0609F1BF83474C896345F
120A000000010001000000000000:93b885adfe0da089cdf634904fd59f71	MEMORY
110A000000010001000100000000:54E1C3FF974FD505D42E871583B047FF	MEMORY
120A0000000100E8030100000000:65b6c9134569322f585599366721adf9	MEMORY
110A0000000100FF030000000001:E97EA2CBCD6A7D9C634A9CC110C3DFF9
110A000000020002000100000001:04289B13E16C8DE093AAF264F8C1F4EF	MEMORY
110A000000040001000004000001:C8609225CEB604B351A19B052FA31436	MEMORY
120A000000E8030100FFFF000000:01336ef1b023a897ad36475025da4e22	MEMORY
120A000000E803E7030004000001:b64e502bc55c274290c5fc1e4ad61b07
110A000000E803E8030A00000000:E9427DB2E33B3F2678136EA95A17B5D1
120A000000000402000200000001:705f68eaf9076564259a2be2bbcaf85d
120A000000000402000A00000001:e0335323ff1735b2b76291347ab54110	MEMORY
120A000000000402000A00000001:6c5121a74c28d1fa2a225ece22790d1c	MEMORY
110A0000000004E7030200000001:28F144E6B5179BB88B1524E60DFC618E	MEMORY
1100943577020001000000000000:47C5C1789FF5080A067471F02ED9FBA9
12009435770200E703FFFF000000:0043604c81ace89989e0fd0e3d9d2f48
11009435770400E8030004000001:5A75D2A7DB680C0415397CAE027C4A8B	MEMORY
11009435770400FF03FFFF000000:63DA6C45E93E08A5B1BD17F4B3AFC8E2	MEMORY
1200943577E80302000A00000000:0a2ccccb260808db9a985b61416b3000	MEMORY
1200943577E80304000A00000000:995f1838eba67bedbb5b0d3f7a12bd70
1200943577000401000000000000:0f343b0931126a20f133d67c2b018a3b	MEMORY
1100943577000404000004000001:71AD301F30825B4B8287190E89ED363A
120094357700040400FFFF000001:f14377f243e874cf0f35bfa03833f3de
11009435770004FF030004000001:CB17DDBAFB2ADCCC5FA5F01A422E78F2
1100943577FFFF0400FFFF000001:B29DAD17409F95DC063FCFCA6368796C	MEMORY
1100943577FFFFE7030100000001:549830F028737315340CFD32ABF50A6A	MEMORY
1215CD5B0702000100FFFF000001:db703a54618389abc6ccdbc34f626543
1115CD5B07040001000000000001:0D6312497CBAB0D592E0A5CE4EC90566
1215CD5B07040002000200000001:07a071d36df8fb95be5db3bab32157b9
1115CD5B070400E7030004000000:78D3DE6979DB811BC88BEDCC667D5C3A
1215CD5B07E8030400FFFF000001:124286ec35ee1d51c1a52d64a26fc333
1215CD5B07E803E8030004000000:0595d766c9d97e07aace7641663f5997	MEMORY
1115CD5B07E803FF03FFFF000001:5FF28BBECE35850FF1C97CA3DCF404F9
1215CD5B0700040200FFFF000001:545a6f7366ac56e2fb6ef553709f1656
1215CD5B07FFFF0400FFFF000001:923ec4be5d648f077387f52bc049db76	MEMORY
1215CD5B07FFFFE8030000000001:88cb1ff4f8c0da77aab8d7e81228ac95
11FFFFFF7F010001000200000001:5785AFD742ADBEC2A32CC96B7C3EAC5E
12FFFFFF7F01000400FFFF000000:ec87a838931d4d5d2e94a04644788a55	MEMORY
12FFFFFF7F020004000100000000:8dd6bb7329a71449b0a1b292b5999164	MEMORY
12FFFFFF7F0200E7030000000001:05b6599d517a6404b4a406c07f02f769	MEMORY
11FFFFFF7F0200FF03FFFF000001:07F982EF0E96AEC2234499F79A0733E7	MEMORY
12FFFFFF7F040002000004000001:0d25804e47ba11880c2c1fad47989d7c	MEMORY
12FFFFFF7F0400E703FFFF000001:47d3269437405f4d427ae7f9353b00e1
11FFFFFF7F0400E8030004000001:184D5C2E035A91AE237456353719D773	MEMORY
12FFFFFF7FFFFF04000200000001:108cafc085f2d23a11be2b8dd21f9400
