1200000000010001000200000001:66ffd25ca5dd1186480fc950d3d22c72
1200000000010001000A00000001:a2d0cdf2b22f5d9dfd49103a62170f5e
1100000000010001000A00000000:E083B9DCAB30E5D723FF82F35A3BEE70	../data/TestPfffOptions.in
1200000000010002000A00000000:3dc32aa40c674ece0ef9700d0f186b9f
1100000000010004000000000000:260DFED75371EFAE13C6D31A14502C40	../data/TestPostHashers.out
1200000000010004000200000001:961312b13a6577d87ce20d301d373a43
12000000000100FF030000000000:c5a024ae1d44055f20cef4bc8c0c3a16
12000000000100FF030004000001:9985467df077abdc31b03f9a2e7bbfa2
12000000000100FF030004000001:d50f9a4875c3d8f2cf5f79cdd7ce9121	../data/TestPfffOptions.out
1200000000020001000100000000:3fe94a002317b5f9259f82690aeea4cd
1100000000020001000004000000:37AAEB01B4EA069E77214F78DCBB2D35
11000000000200FF030200000000:836F91B11104666FF4B963E979E9CC3B	../data/TestPfffOptions.out
1100000000040001000004000000:059AB9700E1CD4D516F39498A92249F1
1200000000040001000004000000:bdd46efdde651391426a1d854ceb4e58
1100000000040001000004000000:3B9AA3C6AF5A0E855250304B8D972B8A	../data/TestMTwister.out
1200000000040002000200000000:4e4496b2d34fb639ef185fc1de0b9edb	../data/TestPfffBlockSampleGenerator.out
1100000000040004000004000000:C1A7F85E0BFCE2E019911A28C51DC56D	../data/TestPostHashers.out
1200000000E80301000200000001:20f8f111fee17a19dfdb8f1b95f72b38
1100000000E80301000200000001:6E4FC6A347BF93890E66A7EFCF28BD09	../data/TestPfffHasher.out
1200000000E80302000000000000:6a01c31360009b52d28e87a6f3d58441	../data/TestPfffHasher.out
1200000000E80302000A00000001:02a18579c0f8c3919bef3efe8eda0852
1100000000E80304000000000000:4049B9E7AD0C2D3B28455FABDA9F1E3C	../data/TestPfffOptions.in
1200000000E80304000100000001:2534a9e9bba23f02073b5ce15953c09a	../data/TestPfffHasher.out
1100000000E803FF030000000001:6083A90CD8E483F43A2330D30D8B865E	../data/TestPfffOptions.in
1100000000E803FF030000000001:30B71FE6520498760FE45455991AE7A6	../data/TestPostHashers.out
1100000000E803FF030004000000:BA8AEA80759690F27D2D31164C325C6A
1100000000000402000100000001:D1E865680211918D4EE69083CEAF0496
1100000000000402000A00000000:54E55170C6C8C3DC5B8A8472BC4311D4
1100000000FFFF01000200000000:3764933F2FD3402F510F8CC1190CD2E0
1100000000FFFF04000004000001:ECC238EF03FFEF6EA13D270545EDA70E
1200000000FFFFFF030200000001:59b1d3f6f7441ae77fb332192a4eb7a7
1201000000010001000100000001:93e5013f808f2601ef0638b65a114ba3	../data/TestMTwister.out
1101000000010001000A00000000:CAA23338A8A51D404A8B047B487B9E94
1101000000010002000000000001:089444DACAF2CB2AC4F33472AD98E8F6	../data/TestPfffOptions.out
1201000000010002000100000001:e69d50e0c08365f3e689defaa07998ab
1201000000020001000A00000001:80db946e219129c6a9a240047b3242a7
1101000000020001000004000000:7460433365AA6553B7C11D5BD24C1E24
1201000000020004000A00000001:848c685c835dcf2c1e08d1a7a580b1ca	../data/TestPostHashers.out
12010000000200FF030100000001:7b40232ed634703256e5f95cd194b0d2
11010000000200FF030200000001:10C5097D43082487D62EB99111B08CEB	../data/TestPfffHasherOnFiles1.in
11010000000200FF030200000000:36FD2FCFE897064C0978F8B3511F3CAE	../data/TestMTwister.out
1101000000040001000000000000:D6D4A7243477370F807749D9B53D66E2	../data/TestPfffHasherOnFiles2.in
1101000000040001000100000000:14BC86FEFE161337FDACA0EE90759A52	../data/TestPfffHasher.out
1201000000040002000004000000:2aaa2ffc7f5d2ad40bc7d0628b221c11	../data/TestMTwister.out
1201000000040004000100000000:68bf6a3e9dae643644f66594fa9b507f
1201000000040004000200000001:d6782c5168bf57a9a0ebcc5a94b256c1	../data/TestPfffBlockSampleGenerator.out
1201000000040004000004000001:1ce23a4088ad7d2b70756bed527cea9c	../data/TestPfffHasherOnFiles2.in
11010000000400FF030004000001:8685F3FBF2517490AF4DB6051935D3CD	../data/TestPfffHasherOnFiles2.in
1101000000E80301000200000000:6C2E78D95E7B75A59F36A935C519BF58	../data/TestPfffBlockSampleGenerator.out
1101000000E80304000100000001:0FA314D0165A5AC6565F262DB0B3C3D2	../data/TestPfffHasher.out
1101000000E80304000100000001:9EBB27496793B2ADD7A28532A5EAE739	../data/TestPfffOptions.out
1201000000E80304000004000001:c553db65a6c3dbd75a5818dcec569152
1201000000E803FF030000000000:324cef7dc41bc3d58cf37b9d06b171be	../data/TestPostHashers.out
1201000000E803FF030A00000001:aaeab3ff3937893d080dbb0fbda75b7f	../data/TestPostHashers.out
1101000000000401000A00000000:FA77EF6A40C58868D77E54481E12D68D	../data/TestMTwister.out
1101000000000402000100000001:9D0DFA4C1FDBDBF9F08DC651062BFDCF	../data/TestMTwister.out
12010000000004FF030000000000:523a2bda721b949595c72faae451066b	../data/TestPfffHasherOnFiles2.in
12010000000004FF030100000000:847893ff27e978b6f205f213f1c4703a
11010000000004FF030A00000001:77627368B3CCCFA869CDF8428F1B6194	../data/TestPfffHasherOnFiles1.in
11010000000004FF030004000000:13FADBB387ED789B3CE46376E310416F
1101000000FFFF04000000000001:F6CEDA7D3AAEDCCB878524964BC6CC11	../data/TestPfffBlockSampleGenerator.out
1101000000FFFF04000A00000001:4379E5F2997B20A4281E66F70CA90DF7
1201000000FFFFFF030200000000:ae5de9ea87150fc08269e1e6d51c2a66
12FFFFFF7F010001000004000000:8ddd6d3565e556e51d759a8382784289
11FFFFFF7F010002000100000000:895BD350A3D3CB907D643BEB32BAFF2E
11FFFFFF7F0100FF030004000000:C7C89F9BFE6247A4D6C3E6D10B7E1F64
12FFFFFF7F020002000A00000000:90a531b2f2b6822e62665038af730318
11FFFFFF7F040001000100000001:BBA174B197102BD7571FB55AE258840E
11FFFFFF7F040001000100000000:3DF5D52024FC2D7DAC197B855E626E3B
11FFFFFF7F040001000A00000001:1E2CCDACB7DE27CC52B30853708844F0	../data/TestPfffHasher.out
11FFFFFF7F040002000200000001:E2FD2FF2C5760620D6CC24F37AC39D38	../data/TestPfffHasherOnFiles2.in
11FFFFFF7F040004000004000000:50A13A76A83D8A2D8C3839410EBC94BA	../data/TestPfffHasherOnFiles2.in
11FFFFFF7F040004000004000000:019688C2C97621C1C673845230D2505F	../data/TestPfffHasher.out
12FFFFFF7F0400FF030000000001:214dc24f819bd4f72da119023de74919	../data/TestPfffHasher.out
12FFFFFF7F0400FF030000000000:b2c8ef5dcf71f2049f0be44aa099b358
12FFFFFF7F0400FF030004000001:6aa13899874534f0ef756c5861035c2e	../data/TestPfffHasher.out
11FFFFFF7FE80301000004000001:8FFE3A48F43819EF9532268D1E2EB5FE
12FFFFFF7FE80302000000000001:11a673c61880af5033336ecf6d7ff8f8	../data/TestPfffHasher.out
12FFFFFF7FE80302000100000000:7e00e837e4a6df558654ad0f9796b83f	../data/TestPfffBlockSampleGenerator.out
11FFFFFF7FE80302000004000000:FE0B1E1C76FADB8299D915D33C30911F	../data/TestPostHashers.out
12FFFFFF7FE803FF030004000001:be3ec669f34aa01a2f815eee1f58b5b5	../data/TestPfffBlockSampleGenerator.out
11FFFFFF7F000402000100000001:B829568BB3959B33B53458B31EFB6A19
12FFFFFF7F000402000004000001:01f52708d44cc13e5a6cf41096171864
12FFFFFF7F000404000200000000:aca03d680a6ddbfe6ae87565f3dc25ec	../data/TestPfffHasherOnFiles1.in
12FFFFFF7F0004FF030100000000:4948008eea5aa97022de775925bb2d3f
12FFFFFF7F0004FF030200000000:a8d1717141aac1304b6adb7536c48ab8
11FFFFFF7FFFFF01000A00000000:61FAD8AF4BC463E12E2D2D1250A0790C
11FFFFFF7FFFFF02000A00000001:132249796E1AF3821CE26AC8C0374C1C
12FFFFFF7FFFFF02000A00000000:6ce43a8184670309a8f030ec6599b2be
12FFFFFF7FFFFF02000004000001:49117e051af0a8864e66f48183ed27dc
